../Drivers/CMSIS/Include/core_cm4.h:2064:26:ITM_SendChar	16	static,ignoring_inline_asm
../Core/Src/main.c:81:5:_write	32	static
../Core/Src/main.c:93:5:main	88	static
../Core/Src/main.c:253:6:SystemClock_Config	88	static
../Core/Src/main.c:300:13:MX_I2C1_Init	8	static
../Core/Src/main.c:334:13:MX_I2S2_Init	8	static
../Core/Src/main.c:368:13:MX_SPI1_Init	8	static
../Core/Src/main.c:406:13:MX_USART2_UART_Init	8	static
../Core/Src/main.c:437:13:MX_DMA_Init	16	static
../Core/Src/main.c:458:13:MX_GPIO_Init	56	static
../Core/Src/main.c:565:6:HAL_I2S_RxCpltCallback	16	static
../Core/Src/main.c:569:6:HAL_I2S_RxHalfCpltCallback	16	static
../Core/Src/main.c:574:6:HAL_GPIO_EXTI_Callback	16	static
../Core/Src/main.c:582:6:HAL_UART_TxCpltCallback	16	static
../Core/Src/main.c:592:6:Error_Handler	4	static,ignoring_inline_asm
